Archive member included to satisfy reference by file (symbol)

/opt/pebble/Pebble/aplite/lib/libpebble.a(tmpDuxwpQpebble.o)
                              src/simply/simply_accel.c.11.o (accel_data_service_unsubscribe)
/usr/lib/gcc/arm-none-eabi/5.2.0/armv7-m/libgcc.a(_aeabi_ldivmod.o)
                              src/simply/simply_menu.c.11.o (__aeabi_ldivmod)
/usr/lib/gcc/arm-none-eabi/5.2.0/armv7-m/libgcc.a(_udivmoddi4.o)
                              /usr/lib/gcc/arm-none-eabi/5.2.0/armv7-m/libgcc.a(_aeabi_ldivmod.o) (__udivmoddi4)
/usr/lib/gcc/arm-none-eabi/5.2.0/armv7-m/libgcc.a(_dvmd_tls.o)
                              /usr/lib/gcc/arm-none-eabi/5.2.0/armv7-m/libgcc.a(_aeabi_ldivmod.o) (__aeabi_ldiv0)
/usr/lib/gcc/arm-none-eabi/5.2.0/../../../../arm-none-eabi/lib/armv7-m/libc.a(lib_a-atexit.o)
                              /usr/lib/gcc/arm-none-eabi/5.2.0/../../../../arm-none-eabi/lib/armv7-m/crt0.o (atexit)
/usr/lib/gcc/arm-none-eabi/5.2.0/../../../../arm-none-eabi/lib/armv7-m/libc.a(lib_a-exit.o)
                              /usr/lib/gcc/arm-none-eabi/5.2.0/../../../../arm-none-eabi/lib/armv7-m/crt0.o (exit)
/usr/lib/gcc/arm-none-eabi/5.2.0/../../../../arm-none-eabi/lib/armv7-m/libc.a(lib_a-fini.o)
                              /usr/lib/gcc/arm-none-eabi/5.2.0/../../../../arm-none-eabi/lib/armv7-m/crt0.o (__libc_fini_array)
/usr/lib/gcc/arm-none-eabi/5.2.0/../../../../arm-none-eabi/lib/armv7-m/libc.a(lib_a-impure.o)
                              /usr/lib/gcc/arm-none-eabi/5.2.0/../../../../arm-none-eabi/lib/armv7-m/libc.a(lib_a-exit.o) (_global_impure_ptr)
/usr/lib/gcc/arm-none-eabi/5.2.0/../../../../arm-none-eabi/lib/armv7-m/libc.a(lib_a-init.o)
                              /usr/lib/gcc/arm-none-eabi/5.2.0/../../../../arm-none-eabi/lib/armv7-m/crt0.o (__libc_init_array)
/usr/lib/gcc/arm-none-eabi/5.2.0/../../../../arm-none-eabi/lib/armv7-m/libc.a(lib_a-__atexit.o)
                              /usr/lib/gcc/arm-none-eabi/5.2.0/../../../../arm-none-eabi/lib/armv7-m/libc.a(lib_a-atexit.o) (__register_exitproc)
/usr/lib/gcc/arm-none-eabi/5.2.0/../../../../arm-none-eabi/lib/armv7-m/libc.a(lib_a-__call_atexit.o)
                              /usr/lib/gcc/arm-none-eabi/5.2.0/../../../../arm-none-eabi/lib/armv7-m/libc.a(lib_a-exit.o) (__call_exitprocs)

Discarded input sections

 .text          0x0000000000000000        0x0 /usr/lib/gcc/arm-none-eabi/5.2.0/armv7-m/crti.o
 .bss           0x0000000000000000        0x0 /usr/lib/gcc/arm-none-eabi/5.2.0/armv7-m/crti.o
 .init          0x0000000000000000        0x4 /usr/lib/gcc/arm-none-eabi/5.2.0/armv7-m/crti.o
 .fini          0x0000000000000000        0x4 /usr/lib/gcc/arm-none-eabi/5.2.0/armv7-m/crti.o
 .text          0x0000000000000000        0x0 /usr/lib/gcc/arm-none-eabi/5.2.0/armv7-m/crtbegin.o
 .bss           0x0000000000000000        0x0 /usr/lib/gcc/arm-none-eabi/5.2.0/armv7-m/crtbegin.o
 .init_array    0x0000000000000000        0x4 /usr/lib/gcc/arm-none-eabi/5.2.0/armv7-m/crtbegin.o
 .fini_array    0x0000000000000000        0x4 /usr/lib/gcc/arm-none-eabi/5.2.0/armv7-m/crtbegin.o
 .eh_frame      0x0000000000000000        0x0 /usr/lib/gcc/arm-none-eabi/5.2.0/armv7-m/crtbegin.o
 .jcr           0x0000000000000000        0x0 /usr/lib/gcc/arm-none-eabi/5.2.0/armv7-m/crtbegin.o
 .data.__dso_handle
                0x0000000000000000        0x4 /usr/lib/gcc/arm-none-eabi/5.2.0/armv7-m/crtbegin.o
 .text.__do_global_dtors_aux
                0x0000000000000000       0x28 /usr/lib/gcc/arm-none-eabi/5.2.0/armv7-m/crtbegin.o
 .text.frame_dummy
                0x0000000000000000       0x34 /usr/lib/gcc/arm-none-eabi/5.2.0/armv7-m/crtbegin.o
 .bss.completed.8358
                0x0000000000000000        0x1 /usr/lib/gcc/arm-none-eabi/5.2.0/armv7-m/crtbegin.o
 .bss.object.8363
                0x0000000000000000       0x18 /usr/lib/gcc/arm-none-eabi/5.2.0/armv7-m/crtbegin.o
 .text          0x0000000000000000       0x68 /usr/lib/gcc/arm-none-eabi/5.2.0/../../../../arm-none-eabi/lib/armv7-m/crt0.o
 .bss           0x0000000000000000        0x0 /usr/lib/gcc/arm-none-eabi/5.2.0/../../../../arm-none-eabi/lib/armv7-m/crt0.o
 .ARM.extab     0x0000000000000000        0x0 /usr/lib/gcc/arm-none-eabi/5.2.0/../../../../arm-none-eabi/lib/armv7-m/crt0.o
 .ARM.exidx     0x0000000000000000        0x8 /usr/lib/gcc/arm-none-eabi/5.2.0/../../../../arm-none-eabi/lib/armv7-m/crt0.o
 .text          0x0000000000000000        0x0 src/main.c.11.o
 .bss           0x0000000000000000        0x0 src/main.c.11.o
 .text          0x0000000000000000        0x0 src/simply/simply.c.11.o
 .bss           0x0000000000000000        0x0 src/simply/simply.c.11.o
 .text          0x0000000000000000        0x0 src/simply/simply_accel.c.11.o
 .bss           0x0000000000000000        0x0 src/simply/simply_accel.c.11.o
 .text          0x0000000000000000        0x0 src/simply/simply_menu.c.11.o
 .bss           0x0000000000000000        0x0 src/simply/simply_menu.c.11.o
[...]
Memory Configuration

Name             Origin             Length             Attributes
APP              0x0000000000000000 0x0000000000006000 xrw
*default*        0x0000000000000000 0xffffffffffffffff

Linker script and memory map

LOAD /usr/lib/gcc/arm-none-eabi/5.2.0/armv7-m/crti.o
LOAD /usr/lib/gcc/arm-none-eabi/5.2.0/armv7-m/crtbegin.o
LOAD /usr/lib/gcc/arm-none-eabi/5.2.0/../../../../arm-none-eabi/lib/armv7-m/crt0.o
LOAD src/main.c.11.o
LOAD src/simply/simply.c.11.o
LOAD src/simply/simply_accel.c.11.o
LOAD src/simply/simply_menu.c.11.o
LOAD src/simply/simply_msg.c.11.o
LOAD src/simply/simply_res.c.11.o
LOAD src/simply/simply_splash.c.11.o
LOAD src/simply/simply_stage.c.11.o
LOAD src/simply/simply_ui.c.11.o
LOAD src/simply/simply_wakeup.c.11.o
LOAD src/simply/simply_window.c.11.o
LOAD src/simply/simply_window_stack.c.11.o
LOAD aplite/appinfo.auto.c.11.o
LOAD /opt/pebble/Pebble/aplite/lib/libpebble.a
START GROUP
LOAD /usr/lib/gcc/arm-none-eabi/5.2.0/armv7-m/libgcc.a
LOAD /usr/lib/gcc/arm-none-eabi/5.2.0/../../../../arm-none-eabi/lib/armv7-m/libc.a
END GROUP
LOAD /usr/lib/gcc/arm-none-eabi/5.2.0/armv7-m/crtend.o
LOAD /usr/lib/gcc/arm-none-eabi/5.2.0/armv7-m/crtn.o

.header         0x0000000000000000       0x82
 *(.pbl_header)
 .pbl_header    0x0000000000000000       0x82 aplite/appinfo.auto.c.11.o
                0x0000000000000000                __pbl_app_info

.note.gnu.build-id
                0x0000000000000082       0x26
                [!provide]                        PROVIDE (BUILD_ID, .)
 *(.note.gnu.build-id)
 *fill*         0x0000000000000082        0x2 
 .note.gnu.build-id
                0x0000000000000084       0x24 linker stubs

.text           0x00000000000000a8     0x3574
 *(.text)
 .text          0x00000000000000a8       0x14 /opt/pebble/Pebble/aplite/lib/libpebble.a(tmpDuxwpQpebble.o)
 .text          0x00000000000000bc       0xa0 /usr/lib/gcc/arm-none-eabi/5.2.0/armv7-m/libgcc.a(_aeabi_ldivmod.o)
                0x00000000000000bc                __aeabi_ldivmod
 .text          0x000000000000015c        0x4 /usr/lib/gcc/arm-none-eabi/5.2.0/armv7-m/libgcc.a(_dvmd_tls.o)
                0x000000000000015c                __aeabi_ldiv0
                0x000000000000015c                __aeabi_idiv0
 *(.text.*)
 .text.startup.main
                0x0000000000000160       0x16 src/main.c.11.o
                0x0000000000000160                main
 .text.simply_init
                0x0000000000000176       0x5c src/simply/simply.c.11.o
                0x0000000000000176                simply_init
 .text.simply_deinit
                0x00000000000001d2       0x38 src/simply/simply.c.11.o
                0x00000000000001d2                simply_deinit
 .text.handle_accel_tap
                0x000000000000020a       0x22 src/simply/simply_accel.c.11.o
 .text.send_accel_data.isra.1
                0x000000000000022c       0x4a src/simply/simply_accel.c.11.o
 .text.handle_accel_data
                0x0000000000000276        0x6 src/simply/simply_accel.c.11.o
 .text.accel_peek_timer_callback
                0x000000000000027c       0x48 src/simply/simply_accel.c.11.o
 .text.simply_accel_handle_packet
                0x00000000000002c4       0x6c src/simply/simply_accel.c.11.o
                0x00000000000002c4                simply_accel_handle_packet
 .text.simply_accel_create
                0x0000000000000330       0x38 src/simply/simply_accel.c.11.o
                0x0000000000000330                simply_accel_create
 .text.simply_accel_destroy
                0x0000000000000368       0x20 src/simply/simply_accel.c.11.o
                0x0000000000000368                simply_accel_destroy
 .text.list1_remove
                0x0000000000000388       0x36 src/simply/simply_menu.c.11.o
 .text.menu_get_num_sections_callback
                0x00000000000003be        0x4 src/simply/simply_menu.c.11.o
 *fill*         0x00000000000003c2        0x2 
 .text.destroy_section
                0x00000000000003c4       0x2c src/simply/simply_menu.c.11.o
 .text.destroy_item
                0x00000000000003f0       0x2c src/simply/simply_menu.c.11.o
 .text.strdup2  0x000000000000041c       0x26 src/simply/simply_menu.c.11.o
 .text.window_unload
                0x0000000000000442       0x1c src/simply/simply_menu.c.11.o
 .text.window_appear
                0x000000000000045e        0xe src/simply/simply_menu.c.11.o
 .text.click_config_provider
                0x000000000000046c       0x24 src/simply/simply_menu.c.11.o
 .text.single_click_handler
                0x0000000000000490       0x1a src/simply/simply_menu.c.11.o
 .text.gpoint_polar
                0x00000000000004aa       0x34 src/simply/simply_menu.c.11.o
 .text.simply_menu_clear
                0x00000000000004de       0x2a src/simply/simply_menu.c.11.o
 .text.window_disappear
                0x0000000000000508       0x22 src/simply/simply_menu.c.11.o
 *fill*         0x000000000000052a        0x2 
 .text.window_load
                0x000000000000052c       0xec src/simply/simply_menu.c.11.o
 .text.get_menu_section.isra.0
                0x0000000000000618       0x10 src/simply/simply_menu.c.11.o
 .text.menu_get_num_rows_callback
                0x0000000000000628       0x12 src/simply/simply_menu.c.11.o
 *fill*         0x000000000000063a        0x2 
 .text.menu_get_header_height_callback
                0x000000000000063c       0x24 src/simply/simply_menu.c.11.o
 .text.refresh_spinner_timer
                0x0000000000000660       0x2c src/simply/simply_menu.c.11.o
 .text.add_section
                0x000000000000068c       0x46 src/simply/simply_menu.c.11.o
 .text.request_menu_section
                0x00000000000006d2       0x48 src/simply/simply_menu.c.11.o
 .text.menu_select_long_click_callback
                0x000000000000071a       0x26 src/simply/simply_menu.c.11.o
 .text.menu_select_click_callback
                0x0000000000000740       0x26 src/simply/simply_menu.c.11.o
 *fill*         0x0000000000000766        0x2 
 .text.menu_draw_header_callback
                0x0000000000000768       0xa4 src/simply/simply_menu.c.11.o
 .text.spinner_timer_callback
                0x000000000000080c       0x1e src/simply/simply_menu.c.11.o
 .text.add_item
                0x000000000000082a       0x56 src/simply/simply_menu.c.11.o
 .text.menu_draw_row_callback
                0x0000000000000880      0x1ee src/simply/simply_menu.c.11.o
 *fill*         0x0000000000000a6e        0x2 
 .text.simply_menu_handle_packet
                0x0000000000000a70      0x1b0 src/simply/simply_menu.c.11.o
                0x0000000000000a70                simply_menu_handle_packet
 .text.simply_menu_create
                0x0000000000000c20       0x3c src/simply/simply_menu.c.11.o
                0x0000000000000c20                simply_menu_create
 .text.simply_menu_destroy
                0x0000000000000c5c       0x16 src/simply/simply_menu.c.11.o
                0x0000000000000c5c                simply_menu_destroy
 .text.list1_remove
                0x0000000000000c72       0x36 src/simply/simply_msg.c.11.o
 .text.dropped_callback
                0x0000000000000ca8        0x2 src/simply/simply_msg.c.11.o
 .text.sent_callback
                0x0000000000000caa        0x2 src/simply/simply_msg.c.11.o
 .text.send_msg
                0x0000000000000cac       0x32 src/simply/simply_msg.c.11.o
 .text.handle_packet
                0x0000000000000cde      0x170 src/simply/simply_msg.c.11.o
 *fill*         0x0000000000000e4e        0x2 
 .text.received_callback
                0x0000000000000e50       0x38 src/simply/simply_msg.c.11.o
 .text.send_msg_retry
                0x0000000000000e88       0xb0 src/simply/simply_msg.c.11.o
 .text.simply_msg_has_communicated
                0x0000000000000f38        0xc src/simply/simply_msg.c.11.o
                0x0000000000000f38                simply_msg_has_communicated
 .text.simply_msg_show_disconnected
                0x0000000000000f44       0x58 src/simply/simply_msg.c.11.o
                0x0000000000000f44                simply_msg_show_disconnected
 .text.failed_callback
                0x0000000000000f9c       0x18 src/simply/simply_msg.c.11.o
 .text.simply_msg_create
                0x0000000000000fb4       0x70 src/simply/simply_msg.c.11.o
                0x0000000000000fb4                simply_msg_create
 .text.simply_msg_destroy
                0x0000000000001024       0x1c src/simply/simply_msg.c.11.o
                0x0000000000001024                simply_msg_destroy
 .text.simply_msg_send
                0x0000000000001040        0x4 src/simply/simply_msg.c.11.o
                0x0000000000001040                simply_msg_send
 .text.simply_msg_send_packet
                0x0000000000001044       0x80 src/simply/simply_msg.c.11.o
                0x0000000000001044                simply_msg_send_packet
 .text.list1_remove
                0x00000000000010c4       0x36 src/simply/simply_res.c.11.o
 .text.destroy_image
                0x00000000000010fa       0x1c src/simply/simply_res.c.11.o
 .text.create_bitmap_with_id
                0x0000000000001116       0x12 src/simply/simply_res.c.11.o
 .text.window_stack_schedule_top_window_render
                0x0000000000001128       0x12 src/simply/simply_res.c.11.o
 .text.create_bitmap_with_data
                0x000000000000113a       0x20 src/simply/simply_res.c.11.o
 .text.simply_res_evict_image
                0x000000000000115a       0x1a src/simply/simply_res.c.11.o
                0x000000000000115a                simply_res_evict_image
 .text.create_image
                0x0000000000001174       0x52 src/simply/simply_res.c.11.o
 *fill*         0x00000000000011c6        0x2 
 .text.simply_res_add_bundled_image
                0x00000000000011c8       0x2c src/simply/simply_res.c.11.o
                0x00000000000011c8                simply_res_add_bundled_image
 .text.simply_res_add_image
                0x00000000000011f4       0x60 src/simply/simply_res.c.11.o
                0x00000000000011f4                simply_res_add_image
 .text.simply_res_auto_image
                0x0000000000001254       0x3e src/simply/simply_res.c.11.o
                0x0000000000001254                simply_res_auto_image
 .text.simply_res_add_custom_font
                0x0000000000001292       0x3c src/simply/simply_res.c.11.o
                0x0000000000001292                simply_res_add_custom_font
 .text.simply_res_auto_font
                0x00000000000012ce       0x26 src/simply/simply_res.c.11.o
                0x00000000000012ce                simply_res_auto_font
 .text.simply_res_clear
                0x00000000000012f4       0x2e src/simply/simply_res.c.11.o
                0x00000000000012f4                simply_res_clear
 .text.simply_res_create
                0x0000000000001322       0x26 src/simply/simply_res.c.11.o
                0x0000000000001322                simply_res_create
 .text.simply_res_destroy
                0x0000000000001348       0x12 src/simply/simply_res.c.11.o
                0x0000000000001348                simply_res_destroy
 .text.layer_update_callback
                0x000000000000135a       0x24 src/simply/simply_splash.c.11.o
                0x000000000000135a                layer_update_callback
 .text.window_load
                0x000000000000137e       0x12 src/simply/simply_splash.c.11.o
 .text.simply_splash_create
                0x0000000000001390       0x7c src/simply/simply_splash.c.11.o
                0x0000000000001390                simply_splash_create
 .text.simply_splash_destroy
                0x000000000000140c       0x20 src/simply/simply_splash.c.11.o
                0x000000000000140c                simply_splash_destroy
 .text.window_disappear
                0x000000000000142c       0x1a src/simply/simply_splash.c.11.o
 .text.list1_remove
                0x0000000000001446       0x36 src/simply/simply_stage.c.11.o
 .text.gcolor8_get
                0x000000000000147c       0x16 src/simply/simply_stage.c.11.o
 .text.element_frame_getter
                0x0000000000001492       0x10 src/simply/simply_stage.c.11.o
 .text.handle_tick
                0x00000000000014a2       0x12 src/simply/simply_stage.c.11.o
 .text.malloc0  0x00000000000014b4       0x18 src/simply/simply_stage.c.11.o
 .text.simply_stage_remove_element
                0x00000000000014cc       0x24 src/simply/simply_stage.c.11.o
 .text.window_unload
                0x00000000000014f0       0x1e src/simply/simply_stage.c.11.o
 *fill*         0x000000000000150e        0x2 
 .text.window_load
                0x0000000000001510       0x58 src/simply/simply_stage.c.11.o
 .text.simply_stage_update_ticker.isra.0
                0x0000000000001568       0x2c src/simply/simply_stage.c.11.o
 .text.window_appear
                0x0000000000001594       0x16 src/simply/simply_stage.c.11.o
 .text.simply_stage_update.isra.2
                0x00000000000015aa        0x8 src/simply/simply_stage.c.11.o
 .text.simply_stage_set_element_frame.isra.8
                0x00000000000015b2       0x32 src/simply/simply_stage.c.11.o
 .text.element_frame_setter
                0x00000000000015e4       0x20 src/simply/simply_stage.c.11.o
 .text.rect_element_draw_background.isra.13.part.14
                0x0000000000001604       0x2a src/simply/simply_stage.c.11.o
 .text.rect_element_draw_border.isra.15.part.16
                0x000000000000162e       0x26 src/simply/simply_stage.c.11.o
 .text.animation_stopped
                0x0000000000001654       0x3c src/simply/simply_stage.c.11.o
 .text.simply_stage_auto_element
                0x0000000000001690       0x78 src/simply/simply_stage.c.11.o
 .text.simply_stage_clear
                0x0000000000001708       0x5a src/simply/simply_stage.c.11.o
 .text.window_disappear
                0x0000000000001762       0x22 src/simply/simply_stage.c.11.o
 .text.rect_element_draw.isra.17
                0x0000000000001784       0x28 src/simply/simply_stage.c.11.o
 .text.layer_update_callback
                0x00000000000017ac      0x25c src/simply/simply_stage.c.11.o
 .text.simply_stage_handle_packet
                0x0000000000001a08      0x284 src/simply/simply_stage.c.11.o
                0x0000000000001a08                simply_stage_handle_packet
 .text.simply_stage_create
                0x0000000000001c8c       0x38 src/simply/simply_stage.c.11.o
                0x0000000000001c8c                simply_stage_create
 .text.simply_stage_destroy
                0x0000000000001cc4       0x16 src/simply/simply_stage.c.11.o
                0x0000000000001cc4                simply_stage_destroy
 .text.gcolor8_get_or
                0x0000000000001cda       0x1e src/simply/simply_ui.c.11.o
 .text.window_unload
                0x0000000000001cf8       0x1e src/simply/simply_ui.c.11.o
 .text.window_disappear
                0x0000000000001d16       0x1c src/simply/simply_ui.c.11.o
 .text.window_appear
                0x0000000000001d32        0xe src/simply/simply_ui.c.11.o
 .text.graphics_draw_bitmap_centered
                0x0000000000001d40       0x50 src/simply/simply_ui.c.11.o
 .text.mark_dirty.isra.0
                0x0000000000001d90        0x8 src/simply/simply_ui.c.11.o
 .text.show_welcome_text
                0x0000000000001d98       0x18 src/simply/simply_ui.c.11.o
 .text.layer_update_callback
                0x0000000000001db0      0x4a0 src/simply/simply_ui.c.11.o
 .text.simply_ui_set_style
                0x0000000000002250       0x38 src/simply/simply_ui.c.11.o
                0x0000000000002250                simply_ui_set_style
 .text.window_load
                0x0000000000002288       0x60 src/simply/simply_ui.c.11.o
 .text.simply_ui_set_text
                0x00000000000022e8       0x46 src/simply/simply_ui.c.11.o
                0x00000000000022e8                simply_ui_set_text
 .text.simply_ui_clear
                0x000000000000232e       0x46 src/simply/simply_ui.c.11.o
                0x000000000000232e                simply_ui_clear
 .text.simply_ui_handle_packet
                0x0000000000002374       0x76 src/simply/simply_ui.c.11.o
                0x0000000000002374                simply_ui_handle_packet
 *fill*         0x00000000000023ea        0x2 
 .text.simply_ui_create
                0x00000000000023ec       0x48 src/simply/simply_ui.c.11.o
                0x00000000000023ec                simply_ui_create
 .text.simply_ui_destroy
                0x0000000000002434       0x2a src/simply/simply_ui.c.11.o
                0x0000000000002434                simply_ui_destroy
 .text.wakeup_set_timer_callback
                0x000000000000245e       0x22 src/simply/simply_wakeup.c.11.o
 .text.wakeup_handler
                0x0000000000002480       0x1e src/simply/simply_wakeup.c.11.o
 *fill*         0x000000000000249e        0x2 
 .text.simply_wakeup_handle_packet
                0x00000000000024a0       0xa8 src/simply/simply_wakeup.c.11.o
                0x00000000000024a0                simply_wakeup_handle_packet
 .text.simply_wakeup_init
                0x0000000000002548        0xc src/simply/simply_wakeup.c.11.o
                0x0000000000002548                simply_wakeup_init
 .text.click_config_provider
                0x0000000000002554       0x80 src/simply/simply_window.c.11.o
 .text.simply_window_single_click_handler
                0x00000000000025d4       0x58 src/simply/simply_window.c.11.o
                0x00000000000025d4                simply_window_single_click_handler
 .text.set_scroll_layer_click_config
                0x000000000000262c       0x38 src/simply/simply_window.c.11.o
 .text.long_click_handler
                0x0000000000002664       0x32 src/simply/simply_window.c.11.o
 .text.simply_window_set_scrollable
                0x0000000000002696       0x76 src/simply/simply_window.c.11.o
                0x0000000000002696                simply_window_set_scrollable
 .text.simply_window_set_fullscreen
                0x000000000000270c       0x8a src/simply/simply_window.c.11.o
                0x000000000000270c                simply_window_set_fullscreen
 .text.simply_window_set_background_color
                0x0000000000002796        0x6 src/simply/simply_window.c.11.o
                0x0000000000002796                simply_window_set_background_color
 .text.simply_window_set_action_bar
                0x000000000000279c       0x48 src/simply/simply_window.c.11.o
                0x000000000000279c                simply_window_set_action_bar
 .text.simply_window_set_action_bar_icon
                0x00000000000027e4       0x3c src/simply/simply_window.c.11.o
                0x00000000000027e4                simply_window_set_action_bar_icon
 .text.simply_window_set_action_bar_background_color
                0x0000000000002820       0x2e src/simply/simply_window.c.11.o
                0x0000000000002820                simply_window_set_action_bar_background_color
 .text.simply_window_action_bar_clear
                0x000000000000284e       0x1e src/simply/simply_window.c.11.o
                0x000000000000284e                simply_window_action_bar_clear
 .text.simply_window_preload
                0x000000000000286c       0x34 src/simply/simply_window.c.11.o
                0x000000000000286c                simply_window_preload
 .text.simply_window_load
                0x00000000000028a0       0x6c src/simply/simply_window.c.11.o
                0x00000000000028a0                simply_window_load
 .text.simply_window_appear
                0x000000000000290c       0x22 src/simply/simply_window.c.11.o
                0x000000000000290c                simply_window_appear
 .text.simply_window_disappear
                0x000000000000292e       0x22 src/simply/simply_window.c.11.o
                0x000000000000292e                simply_window_disappear
 .text.simply_window_unload
                0x0000000000002950       0x10 src/simply/simply_window.c.11.o
                0x0000000000002950                simply_window_unload
 .text.simply_window_handle_packet
                0x0000000000002960       0x84 src/simply/simply_window.c.11.o
                0x0000000000002960                simply_window_handle_packet
 .text.simply_window_init
                0x00000000000029e4       0x42 src/simply/simply_window.c.11.o
                0x00000000000029e4                simply_window_init
 .text.simply_window_deinit
                0x0000000000002a26       0x1c src/simply/simply_window.c.11.o
                0x0000000000002a26                simply_window_deinit
 .text.show_window_sdk_2
                0x0000000000002a42       0x52 src/simply/simply_window_stack.c.11.o
 .text.simply_window_stack_set_broadcast
                0x0000000000002a94       0x10 src/simply/simply_window_stack.c.11.o
                0x0000000000002a94                simply_window_stack_set_broadcast
 .text.simply_window_stack_get_top_window
                0x0000000000002aa4       0x1a src/simply/simply_window_stack.c.11.o
                0x0000000000002aa4                simply_window_stack_get_top_window
 .text.simply_window_stack_show
                0x0000000000002abe        0x4 src/simply/simply_window_stack.c.11.o
                0x0000000000002abe                simply_window_stack_show
 .text.simply_window_stack_pop
                0x0000000000002ac2       0x26 src/simply/simply_window_stack.c.11.o
                0x0000000000002ac2                simply_window_stack_pop
 .text.simply_window_stack_send_show
                0x0000000000002ae8       0x34 src/simply/simply_window_stack.c.11.o
                0x0000000000002ae8                simply_window_stack_send_show
 .text.simply_window_stack_send_hide
                0x0000000000002b1c       0x40 src/simply/simply_window_stack.c.11.o
                0x0000000000002b1c                simply_window_stack_send_hide
 .text.simply_window_stack_back
                0x0000000000002b5c       0x1a src/simply/simply_window_stack.c.11.o
                0x0000000000002b5c                simply_window_stack_back
 .text.simply_window_stack_handle_packet
                0x0000000000002b76       0x4a src/simply/simply_window_stack.c.11.o
                0x0000000000002b76                simply_window_stack_handle_packet
 .text.simply_window_stack_create
                0x0000000000002bc0       0x1e src/simply/simply_window_stack.c.11.o
                0x0000000000002bc0                simply_window_stack_create
 .text.simply_window_stack_destroy
                0x0000000000002bde       0x18 src/simply/simply_window_stack.c.11.o
                0x0000000000002bde                simply_window_stack_destroy
 *fill*         0x0000000000002bf6        0x2 
 .text.accel_data_service_unsubscribe
                0x0000000000002bf8        0xc /opt/pebble/Pebble/aplite/lib/libpebble.a(tmpDuxwpQpebble.o)
                0x0000000000002bf8                accel_data_service_unsubscribe
 .text.accel_service_peek
                0x0000000000002c04        0xc /opt/pebble/Pebble/aplite/lib/libpebble.a(tmpDuxwpQpebble.o)
                0x0000000000002c04                accel_service_peek
 .text.accel_service_set_sampling_rate
                0x0000000000002c10        0xc /opt/pebble/Pebble/aplite/lib/libpebble.a(tmpDuxwpQpebble.o)
                0x0000000000002c10                accel_service_set_sampling_rate
 .text.accel_tap_service_subscribe
                0x0000000000002c1c        0xc /opt/pebble/Pebble/aplite/lib/libpebble.a(tmpDuxwpQpebble.o)
                0x0000000000002c1c                accel_tap_service_subscribe
 .text.accel_tap_service_unsubscribe
                0x0000000000002c28        0xc /opt/pebble/Pebble/aplite/lib/libpebble.a(tmpDuxwpQpebble.o)
                0x0000000000002c28                accel_tap_service_unsubscribe
 .text.action_bar_layer_add_to_window
                0x0000000000002c34        0xc /opt/pebble/Pebble/aplite/lib/libpebble.a(tmpDuxwpQpebble.o)
                0x0000000000002c34                action_bar_layer_add_to_window
 .text.action_bar_layer_clear_icon
                0x0000000000002c40        0xc /opt/pebble/Pebble/aplite/lib/libpebble.a(tmpDuxwpQpebble.o)
                0x0000000000002c40                action_bar_layer_clear_icon
 .text.action_bar_layer_create
                0x0000000000002c4c        0xc /opt/pebble/Pebble/aplite/lib/libpebble.a(tmpDuxwpQpebble.o)
                0x0000000000002c4c                action_bar_layer_create
 .text.action_bar_layer_destroy
                0x0000000000002c58        0xc /opt/pebble/Pebble/aplite/lib/libpebble.a(tmpDuxwpQpebble.o)
                0x0000000000002c58                action_bar_layer_destroy
 .text.action_bar_layer_remove_from_window
                0x0000000000002c64        0xc /opt/pebble/Pebble/aplite/lib/libpebble.a(tmpDuxwpQpebble.o)
                0x0000000000002c64                action_bar_layer_remove_from_window
 .text.action_bar_layer_set_background_color
                0x0000000000002c70        0xc /opt/pebble/Pebble/aplite/lib/libpebble.a(tmpDuxwpQpebble.o)
                0x0000000000002c70                action_bar_layer_set_background_color
 .text.action_bar_layer_set_click_config_provider
                0x0000000000002c7c        0xc /opt/pebble/Pebble/aplite/lib/libpebble.a(tmpDuxwpQpebble.o)
                0x0000000000002c7c                action_bar_layer_set_click_config_provider
 .text.action_bar_layer_set_context
                0x0000000000002c88        0xc /opt/pebble/Pebble/aplite/lib/libpebble.a(tmpDuxwpQpebble.o)
                0x0000000000002c88                action_bar_layer_set_context
 .text.action_bar_layer_set_icon
                0x0000000000002c94        0xc /opt/pebble/Pebble/aplite/lib/libpebble.a(tmpDuxwpQpebble.o)
                0x0000000000002c94                action_bar_layer_set_icon
 .text.animation_destroy
                0x0000000000002ca0        0xc /opt/pebble/Pebble/aplite/lib/libpebble.a(tmpDuxwpQpebble.o)
                0x0000000000002ca0                animation_destroy
 .text.animation_schedule
                0x0000000000002cac        0xc /opt/pebble/Pebble/aplite/lib/libpebble.a(tmpDuxwpQpebble.o)
                0x0000000000002cac                animation_schedule
 .text.animation_set_curve
                0x0000000000002cb8        0xc /opt/pebble/Pebble/aplite/lib/libpebble.a(tmpDuxwpQpebble.o)
                0x0000000000002cb8                animation_set_curve
 .text.animation_set_duration
                0x0000000000002cc4        0xc /opt/pebble/Pebble/aplite/lib/libpebble.a(tmpDuxwpQpebble.o)
                0x0000000000002cc4                animation_set_duration
 .text.animation_set_handlers
                0x0000000000002cd0        0xc /opt/pebble/Pebble/aplite/lib/libpebble.a(tmpDuxwpQpebble.o)
                0x0000000000002cd0                animation_set_handlers
 .text.animation_unschedule
                0x0000000000002cdc        0xc /opt/pebble/Pebble/aplite/lib/libpebble.a(tmpDuxwpQpebble.o)
                0x0000000000002cdc                animation_unschedule
 .text.app_event_loop
                0x0000000000002ce8        0xc /opt/pebble/Pebble/aplite/lib/libpebble.a(tmpDuxwpQpebble.o)
                0x0000000000002ce8                app_event_loop
 .text.app_message_deregister_callbacks
                0x0000000000002cf4        0xc /opt/pebble/Pebble/aplite/lib/libpebble.a(tmpDuxwpQpebble.o)
                0x0000000000002cf4                app_message_deregister_callbacks
 .text.app_message_open
                0x0000000000002d00        0xc /opt/pebble/Pebble/aplite/lib/libpebble.a(tmpDuxwpQpebble.o)
                0x0000000000002d00                app_message_open
 .text.app_timer_cancel
                0x0000000000002d0c        0xc /opt/pebble/Pebble/aplite/lib/libpebble.a(tmpDuxwpQpebble.o)
                0x0000000000002d0c                app_timer_cancel
 .text.app_timer_register
                0x0000000000002d18        0xc /opt/pebble/Pebble/aplite/lib/libpebble.a(tmpDuxwpQpebble.o)
                0x0000000000002d18                app_timer_register
 .text.click_recognizer_get_button_id
                0x0000000000002d24        0xc /opt/pebble/Pebble/aplite/lib/libpebble.a(tmpDuxwpQpebble.o)
                0x0000000000002d24                click_recognizer_get_button_id
 .text.cos_lookup
                0x0000000000002d30        0xc /opt/pebble/Pebble/aplite/lib/libpebble.a(tmpDuxwpQpebble.o)
                0x0000000000002d30                cos_lookup
 .text.dict_find
                0x0000000000002d3c        0xc /opt/pebble/Pebble/aplite/lib/libpebble.a(tmpDuxwpQpebble.o)
                0x0000000000002d3c                dict_find
 .text.dict_write_data
                0x0000000000002d48        0xc /opt/pebble/Pebble/aplite/lib/libpebble.a(tmpDuxwpQpebble.o)
                0x0000000000002d48                dict_write_data
 .text.fonts_get_system_font
                0x0000000000002d54        0xc /opt/pebble/Pebble/aplite/lib/libpebble.a(tmpDuxwpQpebble.o)
                0x0000000000002d54                fonts_get_system_font
 .text.fonts_load_custom_font
                0x0000000000002d60        0xc /opt/pebble/Pebble/aplite/lib/libpebble.a(tmpDuxwpQpebble.o)
                0x0000000000002d60                fonts_load_custom_font
 .text.fonts_unload_custom_font
                0x0000000000002d6c        0xc /opt/pebble/Pebble/aplite/lib/libpebble.a(tmpDuxwpQpebble.o)
                0x0000000000002d6c                fonts_unload_custom_font
 .text.free     0x0000000000002d78        0xc /opt/pebble/Pebble/aplite/lib/libpebble.a(tmpDuxwpQpebble.o)
                0x0000000000002d78                free
 .text.gbitmap_create_with_resource
                0x0000000000002d84        0xc /opt/pebble/Pebble/aplite/lib/libpebble.a(tmpDuxwpQpebble.o)
                0x0000000000002d84                gbitmap_create_with_resource
 .text.gbitmap_destroy
                0x0000000000002d90        0xc /opt/pebble/Pebble/aplite/lib/libpebble.a(tmpDuxwpQpebble.o)
                0x0000000000002d90                gbitmap_destroy
 .text.graphics_context_set_compositing_mode
                0x0000000000002d9c        0xc /opt/pebble/Pebble/aplite/lib/libpebble.a(tmpDuxwpQpebble.o)
                0x0000000000002d9c                graphics_context_set_compositing_mode
 .text.graphics_context_set_fill_color
                0x0000000000002da8        0xc /opt/pebble/Pebble/aplite/lib/libpebble.a(tmpDuxwpQpebble.o)
                0x0000000000002da8                graphics_context_set_fill_color
 .text.graphics_context_set_stroke_color
                0x0000000000002db4        0xc /opt/pebble/Pebble/aplite/lib/libpebble.a(tmpDuxwpQpebble.o)
                0x0000000000002db4                graphics_context_set_stroke_color
 .text.graphics_context_set_text_color
                0x0000000000002dc0        0xc /opt/pebble/Pebble/aplite/lib/libpebble.a(tmpDuxwpQpebble.o)
                0x0000000000002dc0                graphics_context_set_text_color
 .text.graphics_draw_bitmap_in_rect
                0x0000000000002dcc        0xc /opt/pebble/Pebble/aplite/lib/libpebble.a(tmpDuxwpQpebble.o)
                0x0000000000002dcc                graphics_draw_bitmap_in_rect
 .text.graphics_draw_circle
                0x0000000000002dd8        0xc /opt/pebble/Pebble/aplite/lib/libpebble.a(tmpDuxwpQpebble.o)
                0x0000000000002dd8                graphics_draw_circle
 .text.graphics_draw_line
                0x0000000000002de4        0xc /opt/pebble/Pebble/aplite/lib/libpebble.a(tmpDuxwpQpebble.o)
                0x0000000000002de4                graphics_draw_line
 .text.graphics_draw_round_rect
                0x0000000000002df0        0xc /opt/pebble/Pebble/aplite/lib/libpebble.a(tmpDuxwpQpebble.o)
                0x0000000000002df0                graphics_draw_round_rect
 .text.graphics_fill_circle
                0x0000000000002dfc        0xc /opt/pebble/Pebble/aplite/lib/libpebble.a(tmpDuxwpQpebble.o)
                0x0000000000002dfc                graphics_fill_circle
 .text.graphics_fill_rect
                0x0000000000002e08        0xc /opt/pebble/Pebble/aplite/lib/libpebble.a(tmpDuxwpQpebble.o)
                0x0000000000002e08                graphics_fill_rect
 .text.grect_center_point
                0x0000000000002e14        0xc /opt/pebble/Pebble/aplite/lib/libpebble.a(tmpDuxwpQpebble.o)
                0x0000000000002e14                grect_center_point
 .text.grect_standardize
                0x0000000000002e20        0xc /opt/pebble/Pebble/aplite/lib/libpebble.a(tmpDuxwpQpebble.o)
                0x0000000000002e20                grect_standardize
 .text.inverter_layer_create
                0x0000000000002e2c        0xc /opt/pebble/Pebble/aplite/lib/libpebble.a(tmpDuxwpQpebble.o)
                0x0000000000002e2c                inverter_layer_create
 .text.inverter_layer_destroy
                0x0000000000002e38        0xc /opt/pebble/Pebble/aplite/lib/libpebble.a(tmpDuxwpQpebble.o)
                0x0000000000002e38                inverter_layer_destroy
 .text.inverter_layer_get_layer
                0x0000000000002e44        0xc /opt/pebble/Pebble/aplite/lib/libpebble.a(tmpDuxwpQpebble.o)
                0x0000000000002e44                inverter_layer_get_layer
 .text.layer_add_child
                0x0000000000002e50        0xc /opt/pebble/Pebble/aplite/lib/libpebble.a(tmpDuxwpQpebble.o)
                0x0000000000002e50                layer_add_child
 .text.layer_create_with_data
                0x0000000000002e5c        0xc /opt/pebble/Pebble/aplite/lib/libpebble.a(tmpDuxwpQpebble.o)
                0x0000000000002e5c                layer_create_with_data
 .text.layer_destroy
                0x0000000000002e68        0xc /opt/pebble/Pebble/aplite/lib/libpebble.a(tmpDuxwpQpebble.o)
                0x0000000000002e68                layer_destroy
 .text.layer_get_bounds
                0x0000000000002e74        0xc /opt/pebble/Pebble/aplite/lib/libpebble.a(tmpDuxwpQpebble.o)
                0x0000000000002e74                layer_get_bounds
 .text.layer_get_data
                0x0000000000002e80        0xc /opt/pebble/Pebble/aplite/lib/libpebble.a(tmpDuxwpQpebble.o)
                0x0000000000002e80                layer_get_data
 .text.layer_get_frame
                0x0000000000002e8c        0xc /opt/pebble/Pebble/aplite/lib/libpebble.a(tmpDuxwpQpebble.o)
                0x0000000000002e8c                layer_get_frame
 .text.layer_get_window
                0x0000000000002e98        0xc /opt/pebble/Pebble/aplite/lib/libpebble.a(tmpDuxwpQpebble.o)
                0x0000000000002e98                layer_get_window
 .text.layer_mark_dirty
                0x0000000000002ea4        0xc /opt/pebble/Pebble/aplite/lib/libpebble.a(tmpDuxwpQpebble.o)
                0x0000000000002ea4                layer_mark_dirty
 .text.layer_remove_from_parent
                0x0000000000002eb0        0xc /opt/pebble/Pebble/aplite/lib/libpebble.a(tmpDuxwpQpebble.o)
                0x0000000000002eb0                layer_remove_from_parent
 .text.layer_set_bounds
                0x0000000000002ebc        0xc /opt/pebble/Pebble/aplite/lib/libpebble.a(tmpDuxwpQpebble.o)
                0x0000000000002ebc                layer_set_bounds
 .text.layer_set_frame
                0x0000000000002ec8        0xc /opt/pebble/Pebble/aplite/lib/libpebble.a(tmpDuxwpQpebble.o)
                0x0000000000002ec8                layer_set_frame
 .text.layer_set_update_proc
                0x0000000000002ed4        0xc /opt/pebble/Pebble/aplite/lib/libpebble.a(tmpDuxwpQpebble.o)
                0x0000000000002ed4                layer_set_update_proc
 .text.light_enable
                0x0000000000002ee0        0xc /opt/pebble/Pebble/aplite/lib/libpebble.a(tmpDuxwpQpebble.o)
                0x0000000000002ee0                light_enable
 .text.light_enable_interaction
                0x0000000000002eec        0xc /opt/pebble/Pebble/aplite/lib/libpebble.a(tmpDuxwpQpebble.o)
                0x0000000000002eec                light_enable_interaction
 .text.localtime
                0x0000000000002ef8        0xc /opt/pebble/Pebble/aplite/lib/libpebble.a(tmpDuxwpQpebble.o)
                0x0000000000002ef8                localtime
 .text.malloc   0x0000000000002f04        0xc /opt/pebble/Pebble/aplite/lib/libpebble.a(tmpDuxwpQpebble.o)
                0x0000000000002f04                malloc
 .text.memcpy   0x0000000000002f10        0xc /opt/pebble/Pebble/aplite/lib/libpebble.a(tmpDuxwpQpebble.o)
                0x0000000000002f10                memcpy
 .text.memset   0x0000000000002f1c        0xc /opt/pebble/Pebble/aplite/lib/libpebble.a(tmpDuxwpQpebble.o)
                0x0000000000002f1c                memset
 .text.menu_cell_basic_draw
                0x0000000000002f28        0xc /opt/pebble/Pebble/aplite/lib/libpebble.a(tmpDuxwpQpebble.o)
                0x0000000000002f28                menu_cell_basic_draw
 .text.menu_layer_create
                0x0000000000002f34        0xc /opt/pebble/Pebble/aplite/lib/libpebble.a(tmpDuxwpQpebble.o)
                0x0000000000002f34                menu_layer_create
 .text.menu_layer_destroy
                0x0000000000002f40        0xc /opt/pebble/Pebble/aplite/lib/libpebble.a(tmpDuxwpQpebble.o)
                0x0000000000002f40                menu_layer_destroy
 .text.menu_layer_get_layer
                0x0000000000002f4c        0xc /opt/pebble/Pebble/aplite/lib/libpebble.a(tmpDuxwpQpebble.o)
                0x0000000000002f4c                menu_layer_get_layer
 .text.menu_layer_get_selected_index
                0x0000000000002f58        0xc /opt/pebble/Pebble/aplite/lib/libpebble.a(tmpDuxwpQpebble.o)
                0x0000000000002f58                menu_layer_get_selected_index
 .text.menu_layer_reload_data
                0x0000000000002f64        0xc /opt/pebble/Pebble/aplite/lib/libpebble.a(tmpDuxwpQpebble.o)
                0x0000000000002f64                menu_layer_reload_data
 .text.menu_layer_set_click_config_onto_window
                0x0000000000002f70        0xc /opt/pebble/Pebble/aplite/lib/libpebble.a(tmpDuxwpQpebble.o)
                0x0000000000002f70                menu_layer_set_click_config_onto_window
 .text.menu_layer_set_selected_index
                0x0000000000002f7c        0xc /opt/pebble/Pebble/aplite/lib/libpebble.a(tmpDuxwpQpebble.o)
                0x0000000000002f7c                menu_layer_set_selected_index
 .text.property_animation_create
                0x0000000000002f88        0xc /opt/pebble/Pebble/aplite/lib/libpebble.a(tmpDuxwpQpebble.o)
                0x0000000000002f88                property_animation_create
 .text.property_animation_update_grect
                0x0000000000002f94        0xc /opt/pebble/Pebble/aplite/lib/libpebble.a(tmpDuxwpQpebble.o)
                0x0000000000002f94                property_animation_update_grect
 .text.resource_get_handle
                0x0000000000002fa0        0xc /opt/pebble/Pebble/aplite/lib/libpebble.a(tmpDuxwpQpebble.o)
                0x0000000000002fa0                resource_get_handle
 .text.scroll_layer_add_child
                0x0000000000002fac        0xc /opt/pebble/Pebble/aplite/lib/libpebble.a(tmpDuxwpQpebble.o)
                0x0000000000002fac                scroll_layer_add_child
 .text.scroll_layer_create
                0x0000000000002fb8        0xc /opt/pebble/Pebble/aplite/lib/libpebble.a(tmpDuxwpQpebble.o)
                0x0000000000002fb8                scroll_layer_create
 .text.scroll_layer_destroy
                0x0000000000002fc4        0xc /opt/pebble/Pebble/aplite/lib/libpebble.a(tmpDuxwpQpebble.o)
                0x0000000000002fc4                scroll_layer_destroy
 .text.scroll_layer_get_content_offset
                0x0000000000002fd0        0xc /opt/pebble/Pebble/aplite/lib/libpebble.a(tmpDuxwpQpebble.o)
                0x0000000000002fd0                scroll_layer_get_content_offset
 .text.scroll_layer_get_layer
                0x0000000000002fdc        0xc /opt/pebble/Pebble/aplite/lib/libpebble.a(tmpDuxwpQpebble.o)
                0x0000000000002fdc                scroll_layer_get_layer
 .text.scroll_layer_set_click_config_onto_window
                0x0000000000002fe8        0xc /opt/pebble/Pebble/aplite/lib/libpebble.a(tmpDuxwpQpebble.o)
                0x0000000000002fe8                scroll_layer_set_click_config_onto_window
 .text.scroll_layer_set_content_offset
                0x0000000000002ff4        0xc /opt/pebble/Pebble/aplite/lib/libpebble.a(tmpDuxwpQpebble.o)
                0x0000000000002ff4                scroll_layer_set_content_offset
 .text.scroll_layer_set_content_size
                0x0000000000003000        0xc /opt/pebble/Pebble/aplite/lib/libpebble.a(tmpDuxwpQpebble.o)
                0x0000000000003000                scroll_layer_set_content_size
 .text.scroll_layer_set_context
                0x000000000000300c        0xc /opt/pebble/Pebble/aplite/lib/libpebble.a(tmpDuxwpQpebble.o)
                0x000000000000300c                scroll_layer_set_context
 .text.scroll_layer_set_frame
                0x0000000000003018        0xc /opt/pebble/Pebble/aplite/lib/libpebble.a(tmpDuxwpQpebble.o)
                0x0000000000003018                scroll_layer_set_frame
 .text.scroll_layer_set_shadow_hidden
                0x0000000000003024        0xc /opt/pebble/Pebble/aplite/lib/libpebble.a(tmpDuxwpQpebble.o)
                0x0000000000003024                scroll_layer_set_shadow_hidden
 .text.sin_lookup
                0x0000000000003030        0xc /opt/pebble/Pebble/aplite/lib/libpebble.a(tmpDuxwpQpebble.o)
                0x0000000000003030                sin_lookup
 .text.strftime
                0x000000000000303c        0xc /opt/pebble/Pebble/aplite/lib/libpebble.a(tmpDuxwpQpebble.o)
                0x000000000000303c                strftime
 .text.strlen   0x0000000000003048        0xc /opt/pebble/Pebble/aplite/lib/libpebble.a(tmpDuxwpQpebble.o)
                0x0000000000003048                strlen
 .text.strncpy  0x0000000000003054        0xc /opt/pebble/Pebble/aplite/lib/libpebble.a(tmpDuxwpQpebble.o)
                0x0000000000003054                strncpy
 .text.tick_timer_service_subscribe
                0x0000000000003060        0xc /opt/pebble/Pebble/aplite/lib/libpebble.a(tmpDuxwpQpebble.o)
                0x0000000000003060                tick_timer_service_subscribe
 .text.tick_timer_service_unsubscribe
                0x000000000000306c        0xc /opt/pebble/Pebble/aplite/lib/libpebble.a(tmpDuxwpQpebble.o)
                0x000000000000306c                tick_timer_service_unsubscribe
 .text.time     0x0000000000003078        0xc /opt/pebble/Pebble/aplite/lib/libpebble.a(tmpDuxwpQpebble.o)
                0x0000000000003078                time
 .text.time_ms  0x0000000000003084        0xc /opt/pebble/Pebble/aplite/lib/libpebble.a(tmpDuxwpQpebble.o)
                0x0000000000003084                time_ms
 .text.vibes_double_pulse
                0x0000000000003090        0xc /opt/pebble/Pebble/aplite/lib/libpebble.a(tmpDuxwpQpebble.o)
                0x0000000000003090                vibes_double_pulse
 .text.vibes_long_pulse
                0x000000000000309c        0xc /opt/pebble/Pebble/aplite/lib/libpebble.a(tmpDuxwpQpebble.o)
                0x000000000000309c                vibes_long_pulse
 .text.vibes_short_pulse
                0x00000000000030a8        0xc /opt/pebble/Pebble/aplite/lib/libpebble.a(tmpDuxwpQpebble.o)
                0x00000000000030a8                vibes_short_pulse
 .text.window_create
                0x00000000000030b4        0xc /opt/pebble/Pebble/aplite/lib/libpebble.a(tmpDuxwpQpebble.o)
                0x00000000000030b4                window_create
 .text.window_destroy
                0x00000000000030c0        0xc /opt/pebble/Pebble/aplite/lib/libpebble.a(tmpDuxwpQpebble.o)
                0x00000000000030c0                window_destroy
 .text.window_get_click_config_provider
                0x00000000000030cc        0xc /opt/pebble/Pebble/aplite/lib/libpebble.a(tmpDuxwpQpebble.o)
                0x00000000000030cc                window_get_click_config_provider
 .text.window_get_root_layer
                0x00000000000030d8        0xc /opt/pebble/Pebble/aplite/lib/libpebble.a(tmpDuxwpQpebble.o)
                0x00000000000030d8                window_get_root_layer
 .text.window_set_background_color
                0x00000000000030e4        0xc /opt/pebble/Pebble/aplite/lib/libpebble.a(tmpDuxwpQpebble.o)
                0x00000000000030e4                window_set_background_color
 .text.window_set_click_config_provider_with_context
                0x00000000000030f0        0xc /opt/pebble/Pebble/aplite/lib/libpebble.a(tmpDuxwpQpebble.o)
                0x00000000000030f0                window_set_click_config_provider_with_context
 .text.window_set_fullscreen
                0x00000000000030fc        0xc /opt/pebble/Pebble/aplite/lib/libpebble.a(tmpDuxwpQpebble.o)
                0x00000000000030fc                window_set_fullscreen
 .text.window_set_window_handlers
                0x0000000000003108        0xc /opt/pebble/Pebble/aplite/lib/libpebble.a(tmpDuxwpQpebble.o)
                0x0000000000003108                window_set_window_handlers
 .text.window_stack_contains_window
                0x0000000000003114        0xc /opt/pebble/Pebble/aplite/lib/libpebble.a(tmpDuxwpQpebble.o)
                0x0000000000003114                window_stack_contains_window
 .text.window_stack_get_top_window
                0x0000000000003120        0xc /opt/pebble/Pebble/aplite/lib/libpebble.a(tmpDuxwpQpebble.o)
                0x0000000000003120                window_stack_get_top_window
 .text.window_stack_pop
                0x000000000000312c        0xc /opt/pebble/Pebble/aplite/lib/libpebble.a(tmpDuxwpQpebble.o)
                0x000000000000312c                window_stack_pop
 .text.window_stack_pop_all
                0x0000000000003138        0xc /opt/pebble/Pebble/aplite/lib/libpebble.a(tmpDuxwpQpebble.o)
                0x0000000000003138                window_stack_pop_all
 .text.window_stack_push
                0x0000000000003144        0xc /opt/pebble/Pebble/aplite/lib/libpebble.a(tmpDuxwpQpebble.o)
                0x0000000000003144                window_stack_push
 .text.window_stack_remove
                0x0000000000003150        0xc /opt/pebble/Pebble/aplite/lib/libpebble.a(tmpDuxwpQpebble.o)
                0x0000000000003150                window_stack_remove
 .text.window_get_user_data
                0x000000000000315c        0xc /opt/pebble/Pebble/aplite/lib/libpebble.a(tmpDuxwpQpebble.o)
                0x000000000000315c                window_get_user_data
 .text.window_set_user_data
                0x0000000000003168        0xc /opt/pebble/Pebble/aplite/lib/libpebble.a(tmpDuxwpQpebble.o)
                0x0000000000003168                window_set_user_data
 .text.app_message_outbox_begin
                0x0000000000003174        0xc /opt/pebble/Pebble/aplite/lib/libpebble.a(tmpDuxwpQpebble.o)
                0x0000000000003174                app_message_outbox_begin
 .text.app_message_outbox_send
                0x0000000000003180        0xc /opt/pebble/Pebble/aplite/lib/libpebble.a(tmpDuxwpQpebble.o)
                0x0000000000003180                app_message_outbox_send
 .text.app_message_register_inbox_dropped
                0x000000000000318c        0xc /opt/pebble/Pebble/aplite/lib/libpebble.a(tmpDuxwpQpebble.o)
                0x000000000000318c                app_message_register_inbox_dropped
 .text.app_message_register_inbox_received
                0x0000000000003198        0xc /opt/pebble/Pebble/aplite/lib/libpebble.a(tmpDuxwpQpebble.o)
                0x0000000000003198                app_message_register_inbox_received
 .text.app_message_register_outbox_failed
                0x00000000000031a4        0xc /opt/pebble/Pebble/aplite/lib/libpebble.a(tmpDuxwpQpebble.o)
                0x00000000000031a4                app_message_register_outbox_failed
 .text.app_message_register_outbox_sent
                0x00000000000031b0        0xc /opt/pebble/Pebble/aplite/lib/libpebble.a(tmpDuxwpQpebble.o)
                0x00000000000031b0                app_message_register_outbox_sent
 .text.app_message_set_context
                0x00000000000031bc        0xc /opt/pebble/Pebble/aplite/lib/libpebble.a(tmpDuxwpQpebble.o)
                0x00000000000031bc                app_message_set_context
 .text.window_long_click_subscribe
                0x00000000000031c8        0xc /opt/pebble/Pebble/aplite/lib/libpebble.a(tmpDuxwpQpebble.o)
                0x00000000000031c8                window_long_click_subscribe
 .text.window_set_click_context
                0x00000000000031d4        0xc /opt/pebble/Pebble/aplite/lib/libpebble.a(tmpDuxwpQpebble.o)
                0x00000000000031d4                window_set_click_context
 .text.window_single_click_subscribe
                0x00000000000031e0        0xc /opt/pebble/Pebble/aplite/lib/libpebble.a(tmpDuxwpQpebble.o)
                0x00000000000031e0                window_single_click_subscribe
 .text.graphics_draw_text
                0x00000000000031ec        0xc /opt/pebble/Pebble/aplite/lib/libpebble.a(tmpDuxwpQpebble.o)
                0x00000000000031ec                graphics_draw_text
 .text.graphics_text_layout_get_content_size
                0x00000000000031f8        0xc /opt/pebble/Pebble/aplite/lib/libpebble.a(tmpDuxwpQpebble.o)
                0x00000000000031f8                graphics_text_layout_get_content_size
 .text.accel_data_service_subscribe
                0x0000000000003204        0xc /opt/pebble/Pebble/aplite/lib/libpebble.a(tmpDuxwpQpebble.o)
                0x0000000000003204                accel_data_service_subscribe
 .text.menu_layer_set_callbacks
                0x0000000000003210        0xc /opt/pebble/Pebble/aplite/lib/libpebble.a(tmpDuxwpQpebble.o)
                0x0000000000003210                menu_layer_set_callbacks
 .text.__gbitmap_create_blank
                0x000000000000321c        0xc /opt/pebble/Pebble/aplite/lib/libpebble.a(tmpDuxwpQpebble.o)
                0x000000000000321c                __gbitmap_create_blank
 .text.launch_reason
                0x0000000000003228        0xc /opt/pebble/Pebble/aplite/lib/libpebble.a(tmpDuxwpQpebble.o)
                0x0000000000003228                launch_reason
 .text.wakeup_cancel
                0x0000000000003234        0xc /opt/pebble/Pebble/aplite/lib/libpebble.a(tmpDuxwpQpebble.o)
                0x0000000000003234                wakeup_cancel
 .text.wakeup_cancel_all
                0x0000000000003240        0xc /opt/pebble/Pebble/aplite/lib/libpebble.a(tmpDuxwpQpebble.o)
                0x0000000000003240                wakeup_cancel_all
 .text.wakeup_get_launch_event
                0x000000000000324c        0xc /opt/pebble/Pebble/aplite/lib/libpebble.a(tmpDuxwpQpebble.o)
                0x000000000000324c                wakeup_get_launch_event
 .text.wakeup_schedule
                0x0000000000003258        0xc /opt/pebble/Pebble/aplite/lib/libpebble.a(tmpDuxwpQpebble.o)
                0x0000000000003258                wakeup_schedule
 .text.wakeup_service_subscribe
                0x0000000000003264        0xc /opt/pebble/Pebble/aplite/lib/libpebble.a(tmpDuxwpQpebble.o)
                0x0000000000003264                wakeup_service_subscribe
 .text.clock_is_timezone_set
                0x0000000000003270        0xc /opt/pebble/Pebble/aplite/lib/libpebble.a(tmpDuxwpQpebble.o)
                0x0000000000003270                clock_is_timezone_set
 .text.__udivmoddi4
                0x000000000000327c      0x2cc /usr/lib/gcc/arm-none-eabi/5.2.0/armv7-m/libgcc.a(_udivmoddi4.o)
                0x000000000000327c                __udivmoddi4
 *(.rodata)
 *(.rodata*)
 .rodata.str1.1
                0x0000000000003548       0x1b src/simply/simply_menu.c.11.o
 .rodata.str1.1
                0x0000000000003563       0x26 src/simply/simply_msg.c.11.o
 .rodata.str1.1
                0x0000000000003589       0x16 src/simply/simply_stage.c.11.o
 .rodata.str1.1
                0x000000000000359f       0x7d src/simply/simply_ui.c.11.o

.glue_7         0x000000000000361c        0x0
 .glue_7        0x000000000000361c        0x0 linker stubs

.glue_7t        0x000000000000361c        0x0
 .glue_7t       0x000000000000361c        0x0 linker stubs

.vfp11_veneer   0x000000000000361c        0x0
 .vfp11_veneer  0x000000000000361c        0x0 linker stubs

.v4_bx          0x000000000000361c        0x0
 .v4_bx         0x000000000000361c        0x0 linker stubs

.iplt           0x000000000000361c        0x0
 .iplt          0x000000000000361c        0x0 /usr/lib/gcc/arm-none-eabi/5.2.0/armv7-m/crtbegin.o

.rel.dyn        0x000000000000361c        0x0
 .rel.iplt      0x000000000000361c        0x0 /usr/lib/gcc/arm-none-eabi/5.2.0/armv7-m/crtbegin.o

.ARM.exidx.text.__udivmoddi4
                0x000000000000361c        0x8
 .ARM.exidx.text.__udivmoddi4
                0x000000000000361c        0x8 /usr/lib/gcc/arm-none-eabi/5.2.0/armv7-m/libgcc.a(_udivmoddi4.o)

.data           0x0000000000003624       0x75
 *(.data)
 .data          0x0000000000003624        0x0 /usr/lib/gcc/arm-none-eabi/5.2.0/armv7-m/crti.o
 .data          0x0000000000003624        0x0 /usr/lib/gcc/arm-none-eabi/5.2.0/armv7-m/crtbegin.o
 .data          0x0000000000003624        0x0 /usr/lib/gcc/arm-none-eabi/5.2.0/../../../../arm-none-eabi/lib/armv7-m/crt0.o
 .data          0x0000000000003624        0x0 src/main.c.11.o
 .data          0x0000000000003624        0x0 src/simply/simply.c.11.o
 .data          0x0000000000003624        0x0 src/simply/simply_accel.c.11.o
 .data          0x0000000000003624        0x0 src/simply/simply_menu.c.11.o
 .data          0x0000000000003624        0x0 src/simply/simply_msg.c.11.o
 .data          0x0000000000003624        0x0 src/simply/simply_res.c.11.o
 .data          0x0000000000003624        0x0 src/simply/simply_splash.c.11.o
 .data          0x0000000000003624        0x0 src/simply/simply_stage.c.11.o
 .data          0x0000000000003624        0x0 src/simply/simply_ui.c.11.o
 .data          0x0000000000003624        0x0 src/simply/simply_wakeup.c.11.o
 .data          0x0000000000003624        0x0 src/simply/simply_window.c.11.o
 .data          0x0000000000003624        0x0 src/simply/simply_window_stack.c.11.o
 .data          0x0000000000003624        0x0 aplite/appinfo.auto.c.11.o
 .data          0x0000000000003624        0x0 /opt/pebble/Pebble/aplite/lib/libpebble.a(tmpDuxwpQpebble.o)
 .data          0x0000000000003624        0x0 /usr/lib/gcc/arm-none-eabi/5.2.0/armv7-m/libgcc.a(_aeabi_ldivmod.o)
 .data          0x0000000000003624        0x0 /usr/lib/gcc/arm-none-eabi/5.2.0/armv7-m/libgcc.a(_udivmoddi4.o)
 .data          0x0000000000003624        0x0 /usr/lib/gcc/arm-none-eabi/5.2.0/armv7-m/libgcc.a(_dvmd_tls.o)
 .data          0x0000000000003624        0x0 /usr/lib/gcc/arm-none-eabi/5.2.0/../../../../arm-none-eabi/lib/armv7-m/libc.a(lib_a-atexit.o)
 .data          0x0000000000003624        0x0 /usr/lib/gcc/arm-none-eabi/5.2.0/../../../../arm-none-eabi/lib/armv7-m/libc.a(lib_a-exit.o)
 .data          0x0000000000003624        0x0 /usr/lib/gcc/arm-none-eabi/5.2.0/../../../../arm-none-eabi/lib/armv7-m/libc.a(lib_a-fini.o)
 .data          0x0000000000003624        0x0 /usr/lib/gcc/arm-none-eabi/5.2.0/../../../../arm-none-eabi/lib/armv7-m/libc.a(lib_a-impure.o)
 .data          0x0000000000003624        0x0 /usr/lib/gcc/arm-none-eabi/5.2.0/../../../../arm-none-eabi/lib/armv7-m/libc.a(lib_a-init.o)
 .data          0x0000000000003624        0x0 /usr/lib/gcc/arm-none-eabi/5.2.0/../../../../arm-none-eabi/lib/armv7-m/libc.a(lib_a-__atexit.o)
 .data          0x0000000000003624        0x0 /usr/lib/gcc/arm-none-eabi/5.2.0/../../../../arm-none-eabi/lib/armv7-m/libc.a(lib_a-__call_atexit.o)
 .data          0x0000000000003624        0x0 /usr/lib/gcc/arm-none-eabi/5.2.0/armv7-m/crtend.o
 .data          0x0000000000003624        0x0 /usr/lib/gcc/arm-none-eabi/5.2.0/armv7-m/crtn.o
 *(.data.*)
 .data.rel.ro.local.s_window_handlers.7842
                0x0000000000003624       0x10 src/simply/simply_menu.c.11.o
 .data.rel.ro.implementation.7764
                0x0000000000003634       0x14 src/simply/simply_stage.c.11.o
 .data.rel.ro.local.s_window_handlers.7877
                0x0000000000003648       0x10 src/simply/simply_stage.c.11.o
 .data.rel.ro.local.s_window_handlers.7615
                0x0000000000003658       0x10 src/simply/simply_ui.c.11.o
 .data.rel.local.STYLES
                0x0000000000003668       0x30 src/simply/simply_ui.c.11.o
 .data.s_broadcast_window
                0x0000000000003698        0x1 src/simply/simply_window_stack.c.11.o

.igot.plt       0x000000000000369c        0x0
 .igot.plt      0x000000000000369c        0x0 /usr/lib/gcc/arm-none-eabi/5.2.0/armv7-m/crtbegin.o

.bss            0x000000000000369c      0x114
 *(.bss)
 *(.bss.*)
 .bss.s_accel   0x000000000000369c        0x4 src/simply/simply_accel.c.11.o
 .bss.s_provider.7439
                0x00000000000036a0        0x4 src/simply/simply_menu.c.11.o
 .bss.EMPTY_TITLE
                0x00000000000036a4        0x1 src/simply/simply_menu.c.11.o
 .bss.s_has_communicated
                0x00000000000036a5        0x1 src/simply/simply_msg.c.11.o
 *fill*         0x00000000000036a6        0x2 
 .bss.s_msg     0x00000000000036a8        0x4 src/simply/simply_msg.c.11.o
 .bss.time_text.7662
                0x00000000000036ac      0x100 src/simply/simply_stage.c.11.o
 .bss.s_provider.7439
                0x00000000000037ac        0x4 src/simply/simply_window.c.11.o

DISCARD
 libc.a(*)
 libm.a(*)
 libgcc.a(*)
 *(.eh_frame)
OUTPUT(/home/asonix/git/pebbleanime/build/aplite/pebble-app.elf elf32-littlearm)

.ARM.attributes
                0x0000000000000000       0x29
 .ARM.attributes
                0x0000000000000000       0x1d /usr/lib/gcc/arm-none-eabi/5.2.0/armv7-m/crti.o
 .ARM.attributes
                0x000000000000001d       0x2d /usr/lib/gcc/arm-none-eabi/5.2.0/armv7-m/crtbegin.o
 .ARM.attributes
                0x000000000000004a       0x1b /usr/lib/gcc/arm-none-eabi/5.2.0/../../../../arm-none-eabi/lib/armv7-m/crt0.o
 .ARM.attributes
                0x0000000000000065       0x33 src/main.c.11.o
 .ARM.attributes
                0x0000000000000098       0x33 src/simply/simply.c.11.o
 .ARM.attributes
                0x00000000000000cb       0x33 src/simply/simply_accel.c.11.o
 .ARM.attributes
                0x00000000000000fe       0x33 src/simply/simply_menu.c.11.o
 .ARM.attributes
                0x0000000000000131       0x33 src/simply/simply_msg.c.11.o
 .ARM.attributes
                0x0000000000000164       0x33 src/simply/simply_res.c.11.o
 .ARM.attributes
                0x0000000000000197       0x33 src/simply/simply_splash.c.11.o
 .ARM.attributes
                0x00000000000001ca       0x33 src/simply/simply_stage.c.11.o
 .ARM.attributes
                0x00000000000001fd       0x33 src/simply/simply_ui.c.11.o
 .ARM.attributes
                0x0000000000000230       0x33 src/simply/simply_wakeup.c.11.o
 .ARM.attributes
                0x0000000000000263       0x33 src/simply/simply_window.c.11.o
 .ARM.attributes
                0x0000000000000296       0x33 src/simply/simply_window_stack.c.11.o
 .ARM.attributes
                0x00000000000002c9       0x33 aplite/appinfo.auto.c.11.o
 .ARM.attributes
                0x00000000000002fc       0x21 /opt/pebble/Pebble/aplite/lib/libpebble.a(tmpDuxwpQpebble.o)
 .ARM.attributes
                0x000000000000031d       0x1d /usr/lib/gcc/arm-none-eabi/5.2.0/armv7-m/libgcc.a(_aeabi_ldivmod.o)
 .ARM.attributes
                0x000000000000033a       0x2d /usr/lib/gcc/arm-none-eabi/5.2.0/armv7-m/libgcc.a(_udivmoddi4.o)
 .ARM.attributes
                0x0000000000000367       0x1d /usr/lib/gcc/arm-none-eabi/5.2.0/armv7-m/libgcc.a(_dvmd_tls.o)
 .ARM.attributes
                0x0000000000000384       0x2d /usr/lib/gcc/arm-none-eabi/5.2.0/../../../../arm-none-eabi/lib/armv7-m/libc.a(lib_a-atexit.o)
 .ARM.attributes
                0x00000000000003b1       0x2d /usr/lib/gcc/arm-none-eabi/5.2.0/../../../../arm-none-eabi/lib/armv7-m/libc.a(lib_a-exit.o)
 .ARM.attributes
                0x00000000000003de       0x2d /usr/lib/gcc/arm-none-eabi/5.2.0/../../../../arm-none-eabi/lib/armv7-m/libc.a(lib_a-fini.o)
 .ARM.attributes
                0x000000000000040b       0x2d /usr/lib/gcc/arm-none-eabi/5.2.0/../../../../arm-none-eabi/lib/armv7-m/libc.a(lib_a-impure.o)
 .ARM.attributes
                0x0000000000000438       0x2d /usr/lib/gcc/arm-none-eabi/5.2.0/../../../../arm-none-eabi/lib/armv7-m/libc.a(lib_a-init.o)
 .ARM.attributes
                0x0000000000000465       0x2d /usr/lib/gcc/arm-none-eabi/5.2.0/../../../../arm-none-eabi/lib/armv7-m/libc.a(lib_a-__atexit.o)
 .ARM.attributes
                0x0000000000000492       0x2d /usr/lib/gcc/arm-none-eabi/5.2.0/../../../../arm-none-eabi/lib/armv7-m/libc.a(lib_a-__call_atexit.o)
 .ARM.attributes
                0x00000000000004bf       0x2d /usr/lib/gcc/arm-none-eabi/5.2.0/armv7-m/crtend.o
 .ARM.attributes
                0x00000000000004ec       0x1d /usr/lib/gcc/arm-none-eabi/5.2.0/armv7-m/crtn.o

.comment        0x0000000000000000       0x1d
 .comment       0x0000000000000000       0x1d src/main.c.11.o
                                         0x1e (size before relaxing)
 .comment       0x000000000000001d       0x1e src/simply/simply.c.11.o
 .comment       0x000000000000001d       0x1e src/simply/simply_accel.c.11.o
 .comment       0x000000000000001d       0x1e src/simply/simply_menu.c.11.o
 .comment       0x000000000000001d       0x1e src/simply/simply_msg.c.11.o
 .comment       0x000000000000001d       0x1e src/simply/simply_res.c.11.o
 .comment       0x000000000000001d       0x1e src/simply/simply_splash.c.11.o
 .comment       0x000000000000001d       0x1e src/simply/simply_stage.c.11.o
 .comment       0x000000000000001d       0x1e src/simply/simply_ui.c.11.o
 .comment       0x000000000000001d       0x1e src/simply/simply_wakeup.c.11.o
 .comment       0x000000000000001d       0x1e src/simply/simply_window.c.11.o
 .comment       0x000000000000001d       0x1e src/simply/simply_window_stack.c.11.o
 .comment       0x000000000000001d       0x1e aplite/appinfo.auto.c.11.o

.debug_info     0x0000000000000000    0x12061
 .debug_info    0x0000000000000000      0x20c src/main.c.11.o
 .debug_info    0x000000000000020c      0xb8d src/simply/simply.c.11.o
 .debug_info    0x0000000000000d99      0xbee src/simply/simply_accel.c.11.o
 .debug_info    0x0000000000001987     0x39ee src/simply/simply_menu.c.11.o
 .debug_info    0x0000000000005375     0x1ed0 src/simply/simply_msg.c.11.o
 .debug_info    0x0000000000007245     0x11d5 src/simply/simply_res.c.11.o
 .debug_info    0x000000000000841a      0x7a1 src/simply/simply_splash.c.11.o
 .debug_info    0x0000000000008bbb     0x38c6 src/simply/simply_stage.c.11.o
 .debug_info    0x000000000000c481     0x2141 src/simply/simply_ui.c.11.o
 .debug_info    0x000000000000e5c2      0xa4e src/simply/simply_wakeup.c.11.o
 .debug_info    0x000000000000f010     0x1e3f src/simply/simply_window.c.11.o
 .debug_info    0x0000000000010e4f      0xf1c src/simply/simply_window_stack.c.11.o
 .debug_info    0x0000000000011d6b      0x2f6 aplite/appinfo.auto.c.11.o

.debug_abbrev   0x0000000000000000     0x2cdd
 .debug_abbrev  0x0000000000000000      0x12c src/main.c.11.o
 .debug_abbrev  0x000000000000012c      0x27c src/simply/simply.c.11.o
 .debug_abbrev  0x00000000000003a8      0x2d2 src/simply/simply_accel.c.11.o
 .debug_abbrev  0x000000000000067a      0x595 src/simply/simply_menu.c.11.o
 .debug_abbrev  0x0000000000000c0f      0x505 src/simply/simply_msg.c.11.o
 .debug_abbrev  0x0000000000001114      0x3e6 src/simply/simply_res.c.11.o
 .debug_abbrev  0x00000000000014fa      0x28f src/simply/simply_splash.c.11.o
 .debug_abbrev  0x0000000000001789      0x543 src/simply/simply_stage.c.11.o
 .debug_abbrev  0x0000000000001ccc      0x4df src/simply/simply_ui.c.11.o
 .debug_abbrev  0x00000000000021ab      0x2a6 src/simply/simply_wakeup.c.11.o
 .debug_abbrev  0x0000000000002451      0x4d0 src/simply/simply_window.c.11.o
 .debug_abbrev  0x0000000000002921      0x31c src/simply/simply_window_stack.c.11.o
 .debug_abbrev  0x0000000000002c3d       0xa0 aplite/appinfo.auto.c.11.o

.debug_loc      0x0000000000000000     0x7b43
 .debug_loc     0x0000000000000000       0x1e src/main.c.11.o
 .debug_loc     0x000000000000001e       0x55 src/simply/simply.c.11.o
 .debug_loc     0x0000000000000073      0x460 src/simply/simply_accel.c.11.o
 .debug_loc     0x00000000000004d3     0x1cab src/simply/simply_menu.c.11.o
 .debug_loc     0x000000000000217e      0xf7b src/simply/simply_msg.c.11.o
 .debug_loc     0x00000000000030f9      0xa76 src/simply/simply_res.c.11.o
 .debug_loc     0x0000000000003b6f      0x16f src/simply/simply_splash.c.11.o
 .debug_loc     0x0000000000003cde     0x17d1 src/simply/simply_stage.c.11.o
 .debug_loc     0x00000000000054af     0x1203 src/simply/simply_ui.c.11.o
 .debug_loc     0x00000000000066b2      0x304 src/simply/simply_wakeup.c.11.o
 .debug_loc     0x00000000000069b6      0xba8 src/simply/simply_window.c.11.o
 .debug_loc     0x000000000000755e      0x5e5 src/simply/simply_window_stack.c.11.o

.debug_aranges  0x0000000000000000      0x5d8
 .debug_aranges
                0x0000000000000000       0x20 src/main.c.11.o
 .debug_aranges
                0x0000000000000020       0x28 src/simply/simply.c.11.o
 .debug_aranges
                0x0000000000000048       0x50 src/simply/simply_accel.c.11.o
 .debug_aranges
                0x0000000000000098       0xf8 src/simply/simply_menu.c.11.o
 .debug_aranges
                0x0000000000000190       0x88 src/simply/simply_msg.c.11.o
 .debug_aranges
                0x0000000000000218       0x98 src/simply/simply_res.c.11.o
 .debug_aranges
                0x00000000000002b0       0x40 src/simply/simply_splash.c.11.o
 .debug_aranges
                0x00000000000002f0       0xd8 src/simply/simply_stage.c.11.o
 .debug_aranges
                0x00000000000003c8       0x98 src/simply/simply_ui.c.11.o
 .debug_aranges
                0x0000000000000460       0x38 src/simply/simply_wakeup.c.11.o
 .debug_aranges
                0x0000000000000498       0xb8 src/simply/simply_window.c.11.o
 .debug_aranges
                0x0000000000000550       0x70 src/simply/simply_window_stack.c.11.o
 .debug_aranges
                0x00000000000005c0       0x18 aplite/appinfo.auto.c.11.o

.debug_ranges   0x0000000000000000      0xd58
 .debug_ranges  0x0000000000000000       0x10 src/main.c.11.o
 .debug_ranges  0x0000000000000010       0x18 src/simply/simply.c.11.o
 .debug_ranges  0x0000000000000028       0x40 src/simply/simply_accel.c.11.o
 .debug_ranges  0x0000000000000068      0x318 src/simply/simply_menu.c.11.o
 .debug_ranges  0x0000000000000380      0x268 src/simply/simply_msg.c.11.o
 .debug_ranges  0x00000000000005e8      0x120 src/simply/simply_res.c.11.o
 .debug_ranges  0x0000000000000708       0x30 src/simply/simply_splash.c.11.o
 .debug_ranges  0x0000000000000738      0x2e0 src/simply/simply_stage.c.11.o
 .debug_ranges  0x0000000000000a18      0x150 src/simply/simply_ui.c.11.o
 .debug_ranges  0x0000000000000b68       0x40 src/simply/simply_wakeup.c.11.o
 .debug_ranges  0x0000000000000ba8      0x138 src/simply/simply_window.c.11.o
 .debug_ranges  0x0000000000000ce0       0x78 src/simply/simply_window_stack.c.11.o

.debug_line     0x0000000000000000     0x2e94
 .debug_line    0x0000000000000000       0x89 src/main.c.11.o
 .debug_line    0x0000000000000089      0x26e src/simply/simply.c.11.o
 .debug_line    0x00000000000002f7      0x25e src/simply/simply_accel.c.11.o
 .debug_line    0x0000000000000555      0x7df src/simply/simply_menu.c.11.o
 .debug_line    0x0000000000000d34      0x4a8 src/simply/simply_msg.c.11.o
 .debug_line    0x00000000000011dc      0x3ea src/simply/simply_res.c.11.o
 .debug_line    0x00000000000015c6      0x1c5 src/simply/simply_splash.c.11.o
 .debug_line    0x000000000000178b      0x65f src/simply/simply_stage.c.11.o
 .debug_line    0x0000000000001dea      0x5bc src/simply/simply_ui.c.11.o
 .debug_line    0x00000000000023a6      0x229 src/simply/simply_wakeup.c.11.o
 .debug_line    0x00000000000025cf      0x4b4 src/simply/simply_window.c.11.o
 .debug_line    0x0000000000002a83      0x31b src/simply/simply_window_stack.c.11.o
 .debug_line    0x0000000000002d9e       0xf6 aplite/appinfo.auto.c.11.o

.debug_str      0x0000000000000000     0x42d0
 .debug_str     0x0000000000000000      0x1db src/main.c.11.o
                                        0x21a (size before relaxing)
 .debug_str     0x00000000000001db      0x52c src/simply/simply.c.11.o
                                        0x815 (size before relaxing)
 .debug_str     0x0000000000000707      0x658 src/simply/simply_accel.c.11.o
                                        0xa01 (size before relaxing)
 .debug_str     0x0000000000000d5f      0xf31 src/simply/simply_menu.c.11.o
                                       0x1a9d (size before relaxing)
 .debug_str     0x0000000000001c90      0x749 src/simply/simply_msg.c.11.o
                                       0x12ce (size before relaxing)
 .debug_str     0x00000000000023d9      0x25b src/simply/simply_res.c.11.o
                                        0x6d7 (size before relaxing)
 .debug_str     0x0000000000002634      0x186 src/simply/simply_splash.c.11.o
                                        0x58d (size before relaxing)
 .debug_str     0x00000000000027ba      0xcc3 src/simply/simply_stage.c.11.o
                                       0x1c0b (size before relaxing)
 .debug_str     0x000000000000347d      0x324 src/simply/simply_ui.c.11.o
                                       0x14a8 (size before relaxing)
 .debug_str     0x00000000000037a1      0x243 src/simply/simply_wakeup.c.11.o
                                        0x95b (size before relaxing)
 .debug_str     0x00000000000039e4      0x605 src/simply/simply_window.c.11.o
                                       0x13b2 (size before relaxing)
 .debug_str     0x0000000000003fe9      0x190 src/simply/simply_window_stack.c.11.o
                                        0xb7d (size before relaxing)
 .debug_str     0x0000000000004179      0x157 aplite/appinfo.auto.c.11.o
                                        0x372 (size before relaxing)

.debug_frame    0x0000000000000000     0x13ac
 .debug_frame   0x0000000000000000       0x28 src/main.c.11.o
 .debug_frame   0x0000000000000028       0x44 src/simply/simply.c.11.o
 .debug_frame   0x000000000000006c       0xd0 src/simply/simply_accel.c.11.o
 .debug_frame   0x000000000000013c      0x358 src/simply/simply_menu.c.11.o
 .debug_frame   0x0000000000000494      0x1f4 src/simply/simply_msg.c.11.o
 .debug_frame   0x0000000000000688      0x1c8 src/simply/simply_res.c.11.o
 .debug_frame   0x0000000000000850       0xa4 src/simply/simply_splash.c.11.o
 .debug_frame   0x00000000000008f4      0x2e4 src/simply/simply_stage.c.11.o
 .debug_frame   0x0000000000000bd8      0x1f8 src/simply/simply_ui.c.11.o
 .debug_frame   0x0000000000000dd0       0x70 src/simply/simply_wakeup.c.11.o
 .debug_frame   0x0000000000000e40      0x290 src/simply/simply_window.c.11.o
 .debug_frame   0x00000000000010d0      0x134 src/simply/simply_window_stack.c.11.o
 .debug_frame   0x0000000000001204       0x44 /usr/lib/gcc/arm-none-eabi/5.2.0/armv7-m/libgcc.a(_aeabi_ldivmod.o)
 .debug_frame   0x0000000000001248       0x38 /usr/lib/gcc/arm-none-eabi/5.2.0/armv7-m/libgcc.a(_udivmoddi4.o)
 .debug_frame   0x0000000000001280       0x20 /usr/lib/gcc/arm-none-eabi/5.2.0/../../../../arm-none-eabi/lib/armv7-m/libc.a(lib_a-atexit.o)
 .debug_frame   0x00000000000012a0       0x28 /usr/lib/gcc/arm-none-eabi/5.2.0/../../../../arm-none-eabi/lib/armv7-m/libc.a(lib_a-exit.o)
 .debug_frame   0x00000000000012c8       0x34 /usr/lib/gcc/arm-none-eabi/5.2.0/../../../../arm-none-eabi/lib/armv7-m/libc.a(lib_a-fini.o)
 .debug_frame   0x00000000000012fc       0x2c /usr/lib/gcc/arm-none-eabi/5.2.0/../../../../arm-none-eabi/lib/armv7-m/libc.a(lib_a-init.o)
 .debug_frame   0x0000000000001328       0x34 /usr/lib/gcc/arm-none-eabi/5.2.0/../../../../arm-none-eabi/lib/armv7-m/libc.a(lib_a-__atexit.o)
 .debug_frame   0x000000000000135c       0x50 /usr/lib/gcc/arm-none-eabi/5.2.0/../../../../arm-none-eabi/lib/armv7-m/libc.a(lib_a-__call_atexit.o)
